k-cloud-sync-rust v1.0.0
Authenticating...
Authenticated as kintaro
User ID: kintaro-mklvp3eo
Session ID: 9ba1e894-3d2a-421e-ac45-d8e465142632
Syncing files...
sandbox/files-get
sync finished
sandbox/files-send/Girls Frontline
sandbox/files-send
dir created sandbox/files-send/Girls Frontline
file uploaded sandbox/files-send/Girls Frontline/71dd421.jpg
file uploaded sandbox/files-send/Girls Frontline/95598006_1537037616474784_8333536795459321856_o.jpg
file uploaded sandbox/files-send/Girls Frontline/104299792_3237981119574744_1316400717904408120_o.jpg
file uploaded sandbox/files-send/Girls Frontline/90637797_620225038557942_8626077136932831232_o.jpg
file uploaded sandbox/files-send/Girls Frontline/e87e6a4.png
file uploaded sandbox/files-send/Girls Frontline/3e136fe.jpg
file uploaded sandbox/files-send/Girls Frontline/a791106.png
file uploaded sandbox/files-send/Girls Frontline/119840558_737976973449414_1488204912106716066_o.jpg
file uploaded sandbox/files-send/Girls Frontline/cfae27d.jpg
file uploaded sandbox/files-send/Girls Frontline/e5204e7.jpg
file uploaded sandbox/files-send/Girls Frontline/dd7a3e3.png
file uploaded sandbox/files-send/Girls Frontline/c5cfa31.jpg
file uploaded sandbox/files-send/Girls Frontline/fea7083.jpg
file uploaded sandbox/files-send/Girls Frontline/dbc8929.jpg
file uploaded sandbox/files-send/Girls Frontline/8d3611d.jpg
file uploaded sandbox/files-send/Girls Frontline/IMG_20200108_095758.jpg
file uploaded sandbox/files-send/Girls Frontline/b24cef2.jpg
file uploaded sandbox/files-send/Girls Frontline/IMG-20191027-WA0009.jpg
file uploaded sandbox/files-send/Girls Frontline/b5fa67f.jpg
file uploaded sandbox/files-send/Girls Frontline/1be223b.jpg
file uploaded sandbox/files-send/Girls Frontline/88082423_606142529966193_3949540556899614720_o.jpg
file uploaded sandbox/files-send/Girls Frontline/4836b68.jpg
file uploaded sandbox/files-send/Girls Frontline/c77db88.png
file uploaded sandbox/files-send/Girls Frontline/1d20b5e.jpg
file uploaded sandbox/files-send/Girls Frontline/4326597.jpg
file uploaded sandbox/files-send/Girls Frontline/116239403_3347664348606420_6636131663968953017_o.jpg
file uploaded sandbox/files-send/Girls Frontline/136179598_529092154716907_8446525173077021238_n.mp4
file uploaded sandbox/files-send/Girls Frontline/82710da.jpg
file uploaded sandbox/files-send/Girls Frontline/83811419_592882827958830_2605682097850941440_o.jpg
file uploaded sandbox/files-send/Girls Frontline/84d9b8b.png
file uploaded sandbox/files-send/Girls Frontline/82758371_580527689194344_870353145186746368_o.jpg
file uploaded sandbox/files-send/Girls Frontline/74a1575.jpg
file uploaded sandbox/files-send/Girls Frontline/1626190150399.jpg
file uploaded sandbox/files-send/Girls Frontline/e42e3b4.png
file uploaded sandbox/files-send/Girls Frontline/d859538.jpg
file uploaded sandbox/files-send/Girls Frontline/IMG_20191230_094650.jpg
file uploaded sandbox/files-send/Girls Frontline/984cc94.jpg
file uploaded sandbox/files-send/Girls Frontline/9de4c1b.png
file uploaded sandbox/files-send/Girls Frontline/RDT_20210523_0952428142743161563957079.jpg
file uploaded sandbox/files-send/Girls Frontline/aacc126.jpg
file uploaded sandbox/files-send/Girls Frontline/7f5424b.png
file uploaded sandbox/files-send/Girls Frontline/81073321_10220253067298996_6512057864058568704_o.jpg
file uploaded sandbox/files-send/Girls Frontline/5642a84.png
file uploaded sandbox/files-send/Girls Frontline/133882512_109944521012068_5291774802366216388_o.jpg
file uploaded sandbox/files-send/Girls Frontline/d7261a9.jpg
file uploaded sandbox/files-send/Girls Frontline/a6f115d.jpg
file uploaded sandbox/files-send/Girls Frontline/f8521ef.jpg
file uploaded sandbox/files-send/Girls Frontline/6698a3d.jpg
file uploaded sandbox/files-send/Girls Frontline/b612d0a.png
file uploaded sandbox/files-send/Girls Frontline/66d7254.jpg
file uploaded sandbox/files-send/Girls Frontline/119844925_3187614484681097_2397251266325493188_o.jpg
file uploaded sandbox/files-send/Girls Frontline/90219299_2914787898582064_5503996294856704000_o.jpg
file uploaded sandbox/files-send/Girls Frontline/e9526cc.jpg
file uploaded sandbox/files-send/Girls Frontline/118471097_720725831841195_1455324339860992425_o.jpg
file uploaded sandbox/files-send/Girls Frontline/13ad61d.jpg
file uploaded sandbox/files-send/Girls Frontline/ce1ea0a.png
file uploaded sandbox/files-send/Girls Frontline/IMG_20200404_234235.jpg
file uploaded sandbox/files-send/Girls Frontline/83480435_582585792321867_1328153700677451776_o.jpg
file uploaded sandbox/files-send/Girls Frontline/f3d61d5.jpg
file uploaded sandbox/files-send/Girls Frontline/84111775_582585735655206_7031701344406732800_o.jpg
file uploaded sandbox/files-send/Girls Frontline/108056672_10220248805124557_4954028423885590487_o.jpg
file uploaded sandbox/files-send/Girls Frontline/e2d4515.jpg
file uploaded sandbox/files-send/Girls Frontline/87327451_599407907306322_5932608841014312960_o.jpg
file uploaded sandbox/files-send/Girls Frontline/3ce0a1f.jpg
file uploaded sandbox/files-send/Girls Frontline/f216e46.png
file uploaded sandbox/files-send/Girls Frontline/90325642_616761132237666_6333211371404001280_o.jpg
file uploaded sandbox/files-send/Girls Frontline/74de782.jpg
file uploaded sandbox/files-send/Girls Frontline/82138541_2832605580094228_3579904646224805888_o.jpg
file uploaded sandbox/files-send/Girls Frontline/7453d0e.jpg
file uploaded sandbox/files-send/Girls Frontline/2f4a0c7.png
file uploaded sandbox/files-send/Girls Frontline/1905537.jpg
file uploaded sandbox/files-send/Girls Frontline/259526e.jpg
file uploaded sandbox/files-send/Girls Frontline/ea9abde.jpg
file uploaded sandbox/files-send/Girls Frontline/4266b89.jpg
file uploaded sandbox/files-send/Girls Frontline/f1d402e.jpg
file uploaded sandbox/files-send/Girls Frontline/e5c8c1b.png
file uploaded sandbox/files-send/Girls Frontline/78cfe71.png
file uploaded sandbox/files-send/Girls Frontline/117098485_621521632112037_6416515687292242107_o.jpg
file uploaded sandbox/files-send/Girls Frontline/6391712.jpg
file uploaded sandbox/files-send/Girls Frontline/1e4e50f.jpg
file uploaded sandbox/files-send/Girls Frontline/305844549_1178756152704825_1431156482040653148_n.jpg
file uploaded sandbox/files-send/Girls Frontline/IMG-20200622-WA0004.jpg
file uploaded sandbox/files-send/Girls Frontline/455e4f8.jpg
file uploaded sandbox/files-send/Girls Frontline/3d7c681.png
file uploaded sandbox/files-send/Girls Frontline/81006282_565945753985871_8427738515025952768_n.jpg
file uploaded sandbox/files-send/Girls Frontline/af8f1ac.jpg
file uploaded sandbox/files-send/Girls Frontline/e15ca61.jpg
file uploaded sandbox/files-send/Girls Frontline/4fce5bf.jpg
file uploaded sandbox/files-send/Girls Frontline/e13083f.jpg
file uploaded sandbox/files-send/Girls Frontline/93430774_632677143979398_1206119970262482944_o.jpg
file uploaded sandbox/files-send/Girls Frontline/f88c478.png
file uploaded sandbox/files-send/Girls Frontline/1527504.jpg
file uploaded sandbox/files-send/Girls Frontline/82173827_574843266429453_1986255235747676160_o.jpg
file uploaded sandbox/files-send/Girls Frontline/edaba4e.jpg
file uploaded sandbox/files-send/Girls Frontline/103597432_3242755969097259_7108051021463626554_o.jpg
file uploaded sandbox/files-send/Girls Frontline/f5cfb5b.png
file uploaded sandbox/files-send/Girls Frontline/286aa55.png
file uploaded sandbox/files-send/Girls Frontline/d695630.jpg
file uploaded sandbox/files-send/Girls Frontline/f68ab49.jpg
file uploaded sandbox/files-send/Girls Frontline/d7502bd.png
file uploaded sandbox/files-send/Girls Frontline/120706416_3237176883058190_7125376282588369756_o.jpg
file uploaded sandbox/files-send/Girls Frontline/117820020_3554386401260799_4775505782304803731_n.jpg
file uploaded sandbox/files-send/Girls Frontline/IMG_20200430_143425.jpg
file uploaded sandbox/files-send/Girls Frontline/110146841_3012630042179543_5168750076247318271_n.png
file uploaded sandbox/files-send/Girls Frontline/7412d59.png
file uploaded sandbox/files-send/Girls Frontline/815c271.png
file uploaded sandbox/files-send/Girls Frontline/5c99e67.jpg
file uploaded sandbox/files-send/Girls Frontline/d377bc0.jpg
file uploaded sandbox/files-send/Girls Frontline/b180d9c.png
file uploaded sandbox/files-send/Girls Frontline/90870569_620859998494446_1501655153776787456_o.jpg
file uploaded sandbox/files-send/Girls Frontline/RDT_20211129_1022526944806569619531696_035328.jpg
file uploaded sandbox/files-send/Girls Frontline/91279925_10221153690894023_4062650577929109504_o.jpg
file uploaded sandbox/files-send/Girls Frontline/1a6eb18.jpg
file uploaded sandbox/files-send/Girls Frontline/a702a93.jpg
file uploaded sandbox/files-send/Girls Frontline/a51b582.jpg
file uploaded sandbox/files-send/Girls Frontline/b325cec.jpg
file uploaded sandbox/files-send/Girls Frontline/90800100_620784691835310_661355728711188480_o.jpg
file uploaded sandbox/files-send/Girls Frontline/IMG-20200402-WA0011.jpg
file uploaded sandbox/files-send/Girls Frontline/ab42cd2.png
file uploaded sandbox/files-send/Girls Frontline/60dffe3.jpg
file uploaded sandbox/files-send/Girls Frontline/78ea978.jpg
file uploaded sandbox/files-send/Girls Frontline/8e8eee7.png
file uploaded sandbox/files-send/Girls Frontline/ba6c06a.png
file uploaded sandbox/files-send/Girls Frontline/78232438_2919424334976863_5707151645276635136_o.jpg
file uploaded sandbox/files-send/Girls Frontline/82575006_572171060030007_5239236458983718912_o.jpg
file uploaded sandbox/files-send/Girls Frontline/cb2e2e2.jpg
file uploaded sandbox/files-send/Girls Frontline/cbd1fca.png
file uploaded sandbox/files-send/Girls Frontline/e74b52c.png
file uploaded sandbox/files-send/Girls Frontline/c8df388.png
file uploaded sandbox/files-send/Girls Frontline/2b9fd83.jpg
file uploaded sandbox/files-send/Girls Frontline/86aafef.jpg
file uploaded sandbox/files-send/Girls Frontline/d53300a.jpg
file uploaded sandbox/files-send/Girls Frontline/fe3c79d.jpg
file uploaded sandbox/files-send/Girls Frontline/53b0531.jpg
file uploaded sandbox/files-send/Girls Frontline/IMG_20200108_095916.jpg
file uploaded sandbox/files-send/Girls Frontline/c308dd2.jpg
file uploaded sandbox/files-send/Girls Frontline/4bbb364.jpg
file uploaded sandbox/files-send/Girls Frontline/117773119_711365689443876_7868646586493624816_o.jpg
file uploaded sandbox/files-send/Girls Frontline/87992070_2611878625588022_6025591837840900096_o.png
file uploaded sandbox/files-send/Girls Frontline/33e9efc.png
file uploaded sandbox/files-send/Girls Frontline/46fced9.jpg
file uploaded sandbox/files-send/Girls Frontline/IMG_20200321_100736.jpg
file uploaded sandbox/files-send/Girls Frontline/IMG-20191027-WA0011.jpg
file uploaded sandbox/files-send/Girls Frontline/6a9276d.jpg
file uploaded sandbox/files-send/Girls Frontline/e592147.jpg
file uploaded sandbox/files-send/Girls Frontline/d3ed841.png
file uploaded sandbox/files-send/Girls Frontline/c8b1a07.jpg
file uploaded sandbox/files-send/Girls Frontline/IMG-20200525-WA0066.jpg
file uploaded sandbox/files-send/Girls Frontline/bc7906c.jpg
file uploaded sandbox/files-send/Girls Frontline/adefec5.jpg
file uploaded sandbox/files-send/Girls Frontline/98c7fdb.jpg
file uploaded sandbox/files-send/Girls Frontline/84465122_2562365317206020_9216220091673214976_o.jpg
file uploaded sandbox/files-send/Girls Frontline/bd842e5.jpg
file uploaded sandbox/files-send/Girls Frontline/4c02ef4.jpg
file uploaded sandbox/files-send/Girls Frontline/118135428_720157215231390_4942105298870640330_o.jpg
file uploaded sandbox/files-send/Girls Frontline/c9c755e.jpg
file uploaded sandbox/files-send/Girls Frontline/269fe39.jpg
file uploaded sandbox/files-send/Girls Frontline/RDT_20210925_1243283881744084197868815.jpg
file uploaded sandbox/files-send/Girls Frontline/2bd2730.jpg
file uploaded sandbox/files-send/Girls Frontline/330038e.jpg
file uploaded sandbox/files-send/Girls Frontline/75576413_2901936073392356_6715750317318733824_o.jpg
file uploaded sandbox/files-send/Girls Frontline/80561200_556380604942386_7886844906591748096_o.jpg
file uploaded sandbox/files-send/Girls Frontline/6587c8a.png
file uploaded sandbox/files-send/Girls Frontline/6927c63.jpg
file uploaded sandbox/files-send/Girls Frontline/118107432_3554386661260773_8420191354955415788_n.jpg
file uploaded sandbox/files-send/Girls Frontline/a73dfee.png
file uploaded sandbox/files-send/Girls Frontline/3ce2eee.png
file uploaded sandbox/files-send/Girls Frontline/81245610_2488507834591769_3813965876932116480_o.png
file uploaded sandbox/files-send/Girls Frontline/553cab1.png
file uploaded sandbox/files-send/Girls Frontline/6afdc6a.jpg
file uploaded sandbox/files-send/Girls Frontline/1805691.jpg
file uploaded sandbox/files-send/Girls Frontline/77285f9.jpg
file uploaded sandbox/files-send/Girls Frontline/4b0af0b.jpg
file uploaded sandbox/files-send/Girls Frontline/78182791_997841043887945_7942031010097528832_o.jpg
file uploaded sandbox/files-send/Girls Frontline/6cbc325-1.png
file uploaded sandbox/files-send/Girls Frontline/94deaa8.jpg
file uploaded sandbox/files-send/Girls Frontline/1bd76cd.jpg
file uploaded sandbox/files-send/Girls Frontline/e5e6b96.jpg
file uploaded sandbox/files-send/Girls Frontline/IMG-20200402-WA0009.jpg
file uploaded sandbox/files-send/Girls Frontline/d21ff37.jpg
file uploaded sandbox/files-send/Girls Frontline/717df90.jpg
file uploaded sandbox/files-send/Girls Frontline/805d68f.jpg
file uploaded sandbox/files-send/Girls Frontline/f99875a.jpg
file uploaded sandbox/files-send/Girls Frontline/90063375_611708079409638_5907241329645060096_o.jpg
file uploaded sandbox/files-send/Girls Frontline/f27f5e3.jpg
file uploaded sandbox/files-send/Girls Frontline/IMG_20200108_095750.jpg
file uploaded sandbox/files-send/Girls Frontline/IMG-20180612-WA0013.jpg
file uploaded sandbox/files-send/Girls Frontline/8433764.jpg
file uploaded sandbox/files-send/Girls Frontline/f769d36.png
file uploaded sandbox/files-send/Girls Frontline/144135792_804684303725027_8354591752547933105_n.mp4
file uploaded sandbox/files-send/Girls Frontline/2d9bb5f.jpg
file uploaded sandbox/files-send/Girls Frontline/690ffd4.jpg
file uploaded sandbox/files-send/Girls Frontline/bc65f9f.jpg
file uploaded sandbox/files-send/Girls Frontline/f9ad7d6.jpg
file uploaded sandbox/files-send/Girls Frontline/221510281_925585778021865_483722597615177492_n.jpg
file uploaded sandbox/files-send/Girls Frontline/1625842769327.jpg
file uploaded sandbox/files-send/Girls Frontline/IMG_20200705_105745.jpg
file uploaded sandbox/files-send/Girls Frontline/94104870_3103491216570173_5894205524081115136_o.jpg
file uploaded sandbox/files-send/Girls Frontline/fbc2fb4.jpg
file uploaded sandbox/files-send/Girls Frontline/24f0ecd.jpg
file uploaded sandbox/files-send/Girls Frontline/84c9445.jpg
file uploaded sandbox/files-send/Girls Frontline/6ba8fc9.jpg
file uploaded sandbox/files-send/Girls Frontline/df64722.jpg
file uploaded sandbox/files-send/Girls Frontline/23d330a.jpg
file uploaded sandbox/files-send/Girls Frontline/RDT_20220212_1840563256490959846693029.jpg
file uploaded sandbox/files-send/Girls Frontline/4567727.jpg
file uploaded sandbox/files-send/Girls Frontline/3cc2798.jpg
file uploaded sandbox/files-send/Girls Frontline/IMG-20200920-WA0005.jpg
file uploaded sandbox/files-send/Girls Frontline/84193610_2562366173872601_1318732354906226688_o.png
file uploaded sandbox/files-send/Girls Frontline/87605497_609805206266592_7761452932658102272_o.jpg
file uploaded sandbox/files-send/Girls Frontline/427c3d2.jpg
file uploaded sandbox/files-send/Girls Frontline/d32920a.jpg
file uploaded sandbox/files-send/Girls Frontline/76d690a.jpg
file uploaded sandbox/files-send/Girls Frontline/a66e7ca.jpg
file uploaded sandbox/files-send/Girls Frontline/5994e9a.jpg
file uploaded sandbox/files-send/Girls Frontline/82773070_580708612509585_4112718686735826944_o.jpg
file uploaded sandbox/files-send/Girls Frontline/a165349.jpg
file uploaded sandbox/files-send/Girls Frontline/1d4e075.jpg
file uploaded sandbox/files-send/Girls Frontline/ca4333c.png
file uploaded sandbox/files-send/Girls Frontline/75241257_2886575411595089_2049972295354548224_o.jpg
file uploaded sandbox/files-send/Girls Frontline/IMG-20200923-WA0024.jpg
file uploaded sandbox/files-send/Girls Frontline/ff572e3.jpg
file uploaded sandbox/files-send/Girls Frontline/78844741_172562800610394_8360677320867971072_o.jpg
file uploaded sandbox/files-send/Girls Frontline/103144991_667805673799878_6360220904121253152_o.jpg
file uploaded sandbox/files-send/Girls Frontline/eda19ab.jpg
file uploaded sandbox/files-send/Girls Frontline/bfe1b17.jpg
file uploaded sandbox/files-send/Girls Frontline/7a53c93.jpg
file uploaded sandbox/files-send/Girls Frontline/35d56d0.png
file uploaded sandbox/files-send/Girls Frontline/79376934_544721552774958_8057866574423392256_o.jpg
file uploaded sandbox/files-send/Girls Frontline/4c399a5.jpg
file uploaded sandbox/files-send/Girls Frontline/d068802.jpg
file uploaded sandbox/files-send/Girls Frontline/5f4785d.jpg
file uploaded sandbox/files-send/Girls Frontline/IMG_20200404_234234.jpg
file uploaded sandbox/files-send/Girls Frontline/RDT_20220118_1641209175686280336932047.jpg
file uploaded sandbox/files-send/Girls Frontline/IMG-20200923-WA0025.jpg
file uploaded sandbox/files-send/Girls Frontline/3d8403b.png
file uploaded sandbox/files-send/Girls Frontline/576c0ef.jpg
file uploaded sandbox/files-send/Girls Frontline/eef5e5c.jpg
file uploaded sandbox/files-send/Girls Frontline/a13f34e.jpg
file uploaded sandbox/files-send/Girls Frontline/b494b2c.jpg
file uploaded sandbox/files-send/Girls Frontline/3f41f3c.png
file uploaded sandbox/files-send/Girls Frontline/41a0259.jpg
file uploaded sandbox/files-send/Girls Frontline/118070388_3232632876989339_1693088016822898430_o.jpg
file uploaded sandbox/files-send/Girls Frontline/d0ad332.jpg
file uploaded sandbox/files-send/Girls Frontline/7939e6e.png
file uploaded sandbox/files-send/Girls Frontline/1839a4e.jpg
file uploaded sandbox/files-send/Girls Frontline/8d76010.jpg
file uploaded sandbox/files-send/Girls Frontline/87039294_596433807603732_207142441575251968_o.jpg
file uploaded sandbox/files-send/Girls Frontline/fbbb2a7.png
file uploaded sandbox/files-send/Girls Frontline/5469bab.png
file uploaded sandbox/files-send/Girls Frontline/91320489_1484542301706599_7404505858614231040_o.jpg
file uploaded sandbox/files-send/Girls Frontline/bcdb3fd.jpg
file uploaded sandbox/files-send/Girls Frontline/IMG-20200428-WA0078.jpg
file uploaded sandbox/files-send/Girls Frontline/84508734_190773438704548_1532292860601171968_o.jpg
file uploaded sandbox/files-send/Girls Frontline/80502788_2472082176234335_2306278171005157376_o.jpg
file uploaded sandbox/files-send/Girls Frontline/8de6907.jpg
file uploaded sandbox/files-send/Girls Frontline/bf053ce.gif
file uploaded sandbox/files-send/Girls Frontline/84999181_590521831528263_1749173139792723968_o.jpg
file uploaded sandbox/files-send/Girls Frontline/RDT_20210903_0048298040752887540002554.jpg
file uploaded sandbox/files-send/Girls Frontline/e5e524a.jpg
file uploaded sandbox/files-send/Girls Frontline/116903303_3045064432269437_5522259206405183732_n.jpg
file uploaded sandbox/files-send/Girls Frontline/a86ec83.jpg
file uploaded sandbox/files-send/Girls Frontline/22cbed2.jpg
file uploaded sandbox/files-send/Girls Frontline/bdc1eac.jpg
file uploaded sandbox/files-send/Girls Frontline/79be083.jpg
file uploaded sandbox/files-send/Girls Frontline/b014ac5.jpg
file uploaded sandbox/files-send/Girls Frontline/9feb39b.png
file uploaded sandbox/files-send/Girls Frontline/84615826_2562365803872638_2687823703869227008_o.jpg
file uploaded sandbox/files-send/Girls Frontline/89352384_10207669162602947_4958943835230044160_n.jpg
file uploaded sandbox/files-send/Girls Frontline/2d676a6.jpg
file uploaded sandbox/files-send/Girls Frontline/d9d3585.jpg
file uploaded sandbox/files-send/Girls Frontline/90249271_615920118988434_8739882324188987392_o.jpg
file uploaded sandbox/files-send/Girls Frontline/95680441_2776772225765327_3680827525753208832_o.jpg
file uploaded sandbox/files-send/Girls Frontline/60304108_677265012702701_653741344400867328_o.jpg
file uploaded sandbox/files-send/Girls Frontline/c2e7278.jpg
file uploaded sandbox/files-send/Girls Frontline/101197913_661039611143151_3558082733437616128_o.jpg
file uploaded sandbox/files-send/Girls Frontline/IMG_20200108_095918.jpg
file uploaded sandbox/files-send/Girls Frontline/187c6bc.jpg
file uploaded sandbox/files-send/Girls Frontline/66a88ca.png
file uploaded sandbox/files-send/Girls Frontline/IMG-20200923-WA0026.jpg
file uploaded sandbox/files-send/Girls Frontline/c7f5fc3.jpg
file uploaded sandbox/files-send/Girls Frontline/34c2728.png
file uploaded sandbox/files-send/Girls Frontline/9606392.png
file uploaded sandbox/files-send/Girls Frontline/110147532_3000813980027816_4957164669989876231_o.jpg
file uploaded sandbox/files-send/Girls Frontline/82806196_579981089249004_2053622746973208576_o.jpg
file uploaded sandbox/files-send/Girls Frontline/f136137.jpg
file uploaded sandbox/files-send/Girls Frontline/a1dab03.jpg
file uploaded sandbox/files-send/Girls Frontline/8915efd.jpg
file uploaded sandbox/files-send/Girls Frontline/104012058_3243679568986338_9035285793976349790_o.jpg
file uploaded sandbox/files-send/Girls Frontline/IMG_20200406_210722.jpg
file uploaded sandbox/files-send/Girls Frontline/50b3678.jpg
file uploaded sandbox/files-send/Girls Frontline/3e698e6.png
file uploaded sandbox/files-send/Girls Frontline/cce87be.png
file uploaded sandbox/files-send/Girls Frontline/107751169_1179151765794796_1807758943482590936_o.jpg
file uploaded sandbox/files-send/Girls Frontline/bbb6d01.jpg
file uploaded sandbox/files-send/Girls Frontline/5584d47.jpg
file uploaded sandbox/files-send/Girls Frontline/bc89cbd.jpg
file uploaded sandbox/files-send/Girls Frontline/8a80dc8.png
file uploaded sandbox/files-send/Girls Frontline/8b0f698.jpg
file uploaded sandbox/files-send/Girls Frontline/a07c2d0.jpg
file uploaded sandbox/files-send/Girls Frontline/14c5f06.jpg
file uploaded sandbox/files-send/Girls Frontline/3b57a77.jpg
file uploaded sandbox/files-send/Girls Frontline/e70a3ff.jpg
file uploaded sandbox/files-send/Girls Frontline/RDT_20211026_0743555542343074750618017.jpg
file uploaded sandbox/files-send/Girls Frontline/e2c10a7.jpg
file uploaded sandbox/files-send/Girls Frontline/eb757ba.jpg
file uploaded sandbox/files-send/Girls Frontline/89c7b00.jpg
file uploaded sandbox/files-send/Girls Frontline/e13a2fe.png
file uploaded sandbox/files-send/Girls Frontline/78594146_2917188208533809_336339430115639296_o.jpg
file uploaded sandbox/files-send/Girls Frontline/88fd1b5.jpg
file uploaded sandbox/files-send/Girls Frontline/85120661_190209968760895_7630066949610799104_o.jpg
file uploaded sandbox/files-send/Girls Frontline/2ea0455.jpg
file uploaded sandbox/files-send/Girls Frontline/92094774_627229377857508_4930365810037227520_o.jpg
file uploaded sandbox/files-send/Girls Frontline/7f72c2e.jpg
file uploaded sandbox/files-send/Girls Frontline/5825c7e.jpg
file uploaded sandbox/files-send/Girls Frontline/f1b6809.jpg
file uploaded sandbox/files-send/Girls Frontline/3c93131.jpg
file uploaded sandbox/files-send/Girls Frontline/3cfbaf9.png
file uploaded sandbox/files-send/Girls Frontline/6fa127c.jpg
file uploaded sandbox/files-send/Girls Frontline/b6c12b3.png
file uploaded sandbox/files-send/Girls Frontline/d25212f.jpg
file uploaded sandbox/files-send/Girls Frontline/9c7e2b1.png
file uploaded sandbox/files-send/Girls Frontline/129276088_3626974427363404_2139571780068414447_o.jpg
file uploaded sandbox/files-send/Girls Frontline/e64b611.jpg
file uploaded sandbox/files-send/Girls Frontline/4aa30e0.jpg
file uploaded sandbox/files-send/Girls Frontline/3c35b8d.png
file uploaded sandbox/files-send/Girls Frontline/30ec826.jpg
file uploaded sandbox/files-send/Girls Frontline/90184554_618704882043291_1486505567173214208_o.jpg
file uploaded sandbox/files-send/Girls Frontline/119621548_3183733588402520_4742605373021817788_o.png
file uploaded sandbox/files-send/Girls Frontline/d7c509e.png
file uploaded sandbox/files-send/Girls Frontline/b5e50a2.jpg
file uploaded sandbox/files-send/Girls Frontline/624af86.jpg
file uploaded sandbox/files-send/Girls Frontline/b5b1471.jpg
file uploaded sandbox/files-send/Girls Frontline/IMG_20191230_094653.jpg
file uploaded sandbox/files-send/Girls Frontline/c23207f.jpg
file uploaded sandbox/files-send/Girls Frontline/cf38c75.png
file uploaded sandbox/files-send/Girls Frontline/eae963f.jpg
file uploaded sandbox/files-send/Girls Frontline/f416a24.jpg
file uploaded sandbox/files-send/Girls Frontline/88d899c.jpg
file uploaded sandbox/files-send/Girls Frontline/4e840a8.jpg
file uploaded sandbox/files-send/Girls Frontline/IMG_20200517_065235.jpg
file uploaded sandbox/files-send/Girls Frontline/75513462_177738806708142_1088793609903276032_o.jpg
file uploaded sandbox/files-send/Girls Frontline/e4a31a4.jpg
file uploaded sandbox/files-send/Girls Frontline/86485318_594586907788422_8244040650652123136_o.jpg
file uploaded sandbox/files-send/Girls Frontline/129461817_796230014290776_3281819565865956921_o.jpg
file uploaded sandbox/files-send/Girls Frontline/38261be.png
file uploaded sandbox/files-send/Girls Frontline/f88dc6b.png
file uploaded sandbox/files-send/Girls Frontline/cae9255.jpg
file uploaded sandbox/files-send/Girls Frontline/4380910.jpg
file uploaded sandbox/files-send/Girls Frontline/4bee4c7.png
file uploaded sandbox/files-send/Girls Frontline/f099a9f.jpg
file uploaded sandbox/files-send/Girls Frontline/106620818_2936295496479665_2656765217210107446_o.jpg
file uploaded sandbox/files-send/Girls Frontline/118149060_3554386484594124_3949843569250148401_n.jpg
file uploaded sandbox/files-send/Girls Frontline/2e62361.jpg
file uploaded sandbox/files-send/Girls Frontline/ef6a022.png
file uploaded sandbox/files-send/Girls Frontline/32e8a90.png
file uploaded sandbox/files-send/Girls Frontline/81bc55b.jpg
file uploaded sandbox/files-send/Girls Frontline/84498566_185985059183386_5282285130939891712_o.jpg
file uploaded sandbox/files-send/Girls Frontline/73539271_511194996127614_8673166814768791552_o.jpg
file uploaded sandbox/files-send/Girls Frontline/b03021f.jpg
file uploaded sandbox/files-send/Girls Frontline/2369647.jpg
file uploaded sandbox/files-send/Girls Frontline/4cde794.png
file uploaded sandbox/files-send/Girls Frontline/6a848c4.jpg
file uploaded sandbox/files-send/Girls Frontline/6a18f41.jpg
file uploaded sandbox/files-send/Girls Frontline/2f1baeb.jpg
file uploaded sandbox/files-send/Girls Frontline/RDT_20211222_225323166273262823373483.jpg
file uploaded sandbox/files-send/Girls Frontline/d3472ff.jpg
file uploaded sandbox/files-send/Girls Frontline/79197033_10220044342441005_323546552196923392_o.jpg
file uploaded sandbox/files-send/Girls Frontline/88174051_2898016556925865_479198834178654208_o.jpg
file uploaded sandbox/files-send/Girls Frontline/IMG_20200406_210715.jpg
file uploaded sandbox/files-send/Girls Frontline/9de2275.jpg
file uploaded sandbox/files-send/Girls Frontline/8f9d8b8.jpg
file uploaded sandbox/files-send/Girls Frontline/88036869_604175590162887_862757173401223168_o.jpg
file uploaded sandbox/files-send/Girls Frontline/8fcbd57.jpg
file uploaded sandbox/files-send/Girls Frontline/1162c3b.jpg
file uploaded sandbox/files-send/Girls Frontline/5af4a78.jpg
file uploaded sandbox/files-send/Girls Frontline/91048326_1502237383288141_4664830530703851520_n.jpg
file uploaded sandbox/files-send/Girls Frontline/a31de2a.png
file uploaded sandbox/files-send/Girls Frontline/104244901_2905460642896484_1345956357571713495_o.jpg
file uploaded sandbox/files-send/Girls Frontline/d690fe8.jpg
file uploaded sandbox/files-send/Girls Frontline/a07ed2c.png
file uploaded sandbox/files-send/Girls Frontline/328ce5e.jpg
file uploaded sandbox/files-send/Girls Frontline/97102524_652697538644025_7967057183235899392_o.jpg
file uploaded sandbox/files-send/Girls Frontline/5cd5d19.jpg
file uploaded sandbox/files-send/Girls Frontline/IMG_20191230_123529.jpg
file uploaded sandbox/files-send/Girls Frontline/74861871_175436263605063_6059306472121040896_n.jpg
file uploaded sandbox/files-send/Girls Frontline/IMG_20191230_123523.jpg
file uploaded sandbox/files-send/Girls Frontline/626b5d1.jpg
file uploaded sandbox/files-send/Girls Frontline/26883ae.jpg
file uploaded sandbox/files-send/Girls Frontline/3bf1f7f.jpg
file uploaded sandbox/files-send/Girls Frontline/579e345.jpg
file uploaded sandbox/files-send/Girls Frontline/a66255c.png
file uploaded sandbox/files-send/Girls Frontline/a2698ac.jpg
file uploaded sandbox/files-send/Girls Frontline/95229024_641755066404939_1098393660673753088_o.jpg
file uploaded sandbox/files-send/Girls Frontline/89109526_608743229706123_6719257286964936704_o.jpg
file uploaded sandbox/files-send/Girls Frontline/174027f.jpg
file uploaded sandbox/files-send/Girls Frontline/82458830_2832626403425479_4663470460590096384_o.jpg
file uploaded sandbox/files-send/Girls Frontline/bca2c3b.png
file uploaded sandbox/files-send/Girls Frontline/127177316_3367953893313821_112937056373447199_o.jpg
file uploaded sandbox/files-send/Girls Frontline/76b1c69.jpg
file uploaded sandbox/files-send/Girls Frontline/9f062af.jpg
file uploaded sandbox/files-send/Girls Frontline/6f814e2.png
file uploaded sandbox/files-send/Girls Frontline/db2c47a.jpg
file uploaded sandbox/files-send/Girls Frontline/IMG_20200523_170020.jpg
file uploaded sandbox/files-send/Girls Frontline/8c23317.jpg
file uploaded sandbox/files-send/Girls Frontline/56a3a06.jpg
file uploaded sandbox/files-send/Girls Frontline/83434763_576908822889564_4670516908489965568_o.jpg
file uploaded sandbox/files-send/Girls Frontline/5af7a91.png
file uploaded sandbox/files-send/Girls Frontline/5bc3961.png
file uploaded sandbox/files-send/Girls Frontline/d6a32ea.jpg
file uploaded sandbox/files-send/Girls Frontline/86d8b0f.jpg
file uploaded sandbox/files-send/Girls Frontline/ee492fe.jpg
file uploaded sandbox/files-send/Girls Frontline/905ba29.jpg
file uploaded sandbox/files-send/Girls Frontline/2b5e835.png
file uploaded sandbox/files-send/Girls Frontline/117627246_3797558863594419_805787878889990430_n.jpg
file uploaded sandbox/files-send/Girls Frontline/90232844_612879595959153_3302160419841376256_o.jpg
file uploaded sandbox/files-send/Girls Frontline/7ae17a4.jpg
file uploaded sandbox/files-send/Girls Frontline/7be9f73.jpg
file uploaded sandbox/files-send/Girls Frontline/75279274_529833017599265_85489021924409344_o.jpg
file uploaded sandbox/files-send/Girls Frontline/6a78a19.png
file uploaded sandbox/files-send/Girls Frontline/81f7b72.jpg
file uploaded sandbox/files-send/Girls Frontline/271dbab.png
file uploaded sandbox/files-send/Girls Frontline/9320f1a.jpg
file uploaded sandbox/files-send/Girls Frontline/63de105.png
file uploaded sandbox/files-send/Girls Frontline/5297a71.jpg
file uploaded sandbox/files-send/Girls Frontline/d2cb22a.jpg
file uploaded sandbox/files-send/Girls Frontline/38b9be3.png
file uploaded sandbox/files-send/Girls Frontline/Gu9o1jW.jpg
file uploaded sandbox/files-send/Girls Frontline/96c0af4.png
file uploaded sandbox/files-send/Girls Frontline/a6f1ecb.jpg
file uploaded sandbox/files-send/Girls Frontline/275e6f5.jpg
file uploaded sandbox/files-send/Girls Frontline/cd0d180.jpg
file uploaded sandbox/files-send/Girls Frontline/894cf73.jpg
file uploaded sandbox/files-send/Girls Frontline/f013866.jpg
file uploaded sandbox/files-send/Girls Frontline/8b0c4e9.png
file uploaded sandbox/files-send/Girls Frontline/c82bc23.jpg
file uploaded sandbox/files-send/Girls Frontline/4158a48.jpg
file uploaded sandbox/files-send/Girls Frontline/dffd304.jpg
file uploaded sandbox/files-send/Girls Frontline/cfc2a7c.jpg
file uploaded sandbox/files-send/Girls Frontline/31f55ca.jpg
file uploaded sandbox/files-send/Girls Frontline/IMG-20200925-WA0008.jpg
file uploaded sandbox/files-send/Girls Frontline/70458661_368478527432867_7783412512032030720_n.mp4
file uploaded sandbox/files-send/Girls Frontline/b48e6ca.jpg
file uploaded sandbox/files-send/Girls Frontline/90851737_10221090848242996_4465149147401420800_o.jpg
file uploaded sandbox/files-send/Girls Frontline/a4be0fd.jpg
file uploaded sandbox/files-send/Girls Frontline/b5e85d7.jpg
file uploaded sandbox/files-send/Girls Frontline/74586903_1183972178460399_268882111123947520_o.jpg
file uploaded sandbox/files-send/Girls Frontline/fa17d89.jpg
file uploaded sandbox/files-send/Girls Frontline/4af79d1.jpg
file uploaded sandbox/files-send/Girls Frontline/990ccf2.jpg
file uploaded sandbox/files-send/Girls Frontline/c1723bb.jpg
file uploaded sandbox/files-send/Girls Frontline/81277767_2508030602639492_2214643974298140672_o.jpg
file uploaded sandbox/files-send/Girls Frontline/6e740a9.jpg
file uploaded sandbox/files-send/Girls Frontline/86402121_10220686848103245_8970898513277747200_o.jpg
file uploaded sandbox/files-send/Girls Frontline/81721246_2648476128564681_3562322428799483904_o.jpg
file uploaded sandbox/files-send/Girls Frontline/90347673_614691652444614_6341377835105517568_o.jpg
file uploaded sandbox/files-send/Girls Frontline/84b73da.png
file uploaded sandbox/files-send/Girls Frontline/a94f890.jpg
file uploaded sandbox/files-send/Girls Frontline/9db9793.png
file uploaded sandbox/files-send/Girls Frontline/99b5724.jpg
file uploaded sandbox/files-send/Girls Frontline/83987687_585446835369096_3380696417994539008_o.jpg
file uploaded sandbox/files-send/Girls Frontline/3322df1.jpg
file uploaded sandbox/files-send/Girls Frontline/5c2da96.png
file uploaded sandbox/files-send/Girls Frontline/76756933_2901245056794791_3310833204352516096_o.jpg
file uploaded sandbox/files-send/Girls Frontline/fa545cc.png
file uploaded sandbox/files-send/Girls Frontline/6fa02b8.jpg
file uploaded sandbox/files-send/Girls Frontline/5792916.jpg
file uploaded sandbox/files-send/Girls Frontline/24f8ede.jpg
file uploaded sandbox/files-send/Girls Frontline/a1988b3.jpg
file uploaded sandbox/files-send/Girls Frontline/32ac233.jpg
file uploaded sandbox/files-send/Girls Frontline/76135308_p0_master1200.jpg
file uploaded sandbox/files-send/Girls Frontline/93c0c90.jpg
file uploaded sandbox/files-send/Girls Frontline/ae67a2b.jpg
file uploaded sandbox/files-send/Girls Frontline/f98c676.png
file uploaded sandbox/files-send/Girls Frontline/118124644_713718425875269_5034223843424951039_o.jpg
file uploaded sandbox/files-send/Girls Frontline/IMG-20200428-WA0085.jpg
file uploaded sandbox/files-send/Girls Frontline/IMG_20191230_123525.jpg
file uploaded sandbox/files-send/Girls Frontline/64f7238.jpg
file uploaded sandbox/files-send/Girls Frontline/c8409b3.jpg
file uploaded sandbox/files-send/Girls Frontline/3d3b33a.jpg
file uploaded sandbox/files-send/Girls Frontline/3033fe7.jpg
file uploaded sandbox/files-send/Girls Frontline/378a6c0.jpg
file uploaded sandbox/files-send/Girls Frontline/23ca6c9.jpg
file uploaded sandbox/files-send/Girls Frontline/4666b93.jpg
file uploaded sandbox/files-send/Girls Frontline/7a3e9ba.png
file uploaded sandbox/files-send/Girls Frontline/205059d.jpg
file uploaded sandbox/files-send/Girls Frontline/970f6f6.jpg
file uploaded sandbox/files-send/Girls Frontline/87583110_602420870338359_566974586885767168_n.png
file uploaded sandbox/files-send/Girls Frontline/1622846.jpg
file uploaded sandbox/files-send/Girls Frontline/1ec8bad.jpg
file uploaded sandbox/files-send/Girls Frontline/94930957_10207925341167251_4147710953527443456_n.jpg
file uploaded sandbox/files-send/Girls Frontline/93830632_631880294059083_3990546473690333184_o.jpg
file uploaded sandbox/files-send/Girls Frontline/44a7f09.jpg
file uploaded sandbox/files-send/Girls Frontline/118765871_725444371369341_5785145981906694607_n.jpg
file uploaded sandbox/files-send/Girls Frontline/75348991_413244206249880_3964163443073744896_n.jpg
file uploaded sandbox/files-send/Girls Frontline/6ce85d6.jpg
file uploaded sandbox/files-send/Girls Frontline/89652944_10207688520646886_789535638931111936_n.jpg
file uploaded sandbox/files-send/Girls Frontline/IMG_20210313_225823.jpg
file uploaded sandbox/files-send/Girls Frontline/80de14d.png
file uploaded sandbox/files-send/Girls Frontline/87366548_599143470666099_2558028632542937088_o.jpg
file uploaded sandbox/files-send/Girls Frontline/3d873b6.jpg
file uploaded sandbox/files-send/Girls Frontline/a8318f6.jpg
file uploaded sandbox/files-send/Girls Frontline/17ca6d3.jpg
file uploaded sandbox/files-send/Girls Frontline/6c51515.jpg
file uploaded sandbox/files-send/Girls Frontline/RDT_20220426_0814395788132062905191056.jpg
file uploaded sandbox/files-send/Girls Frontline/87760888_602969736950139_4062298832992468992_o.jpg
file uploaded sandbox/files-send/Girls Frontline/f1f363d.jpg
file uploaded sandbox/files-send/Girls Frontline/ab7b8b6.jpg
file uploaded sandbox/files-send/Girls Frontline/IMG-20200403-WA0012.jpg
file uploaded sandbox/files-send/Girls Frontline/d475bbe.jpg
file uploaded sandbox/files-send/Girls Frontline/130974754_797484960831948_776348029454293598_o.jpg
file uploaded sandbox/files-send/Girls Frontline/27e1cbd.jpg
file uploaded sandbox/files-send/Girls Frontline/6301693.jpg
file uploaded sandbox/files-send/Girls Frontline/29875ff.jpg
file uploaded sandbox/files-send/Girls Frontline/a4a5885.jpg
file uploaded sandbox/files-send/Girls Frontline/IMG-20200428-WA0086.jpg
file uploaded sandbox/files-send/Girls Frontline/7b742d4.jpg
file uploaded sandbox/files-send/Girls Frontline/96d9c99.png
file uploaded sandbox/files-send/Girls Frontline/e9c917f.jpg
file uploaded sandbox/files-send/Girls Frontline/IMG-20200428-WA0079.jpg
file uploaded sandbox/files-send/Girls Frontline/51cc5b4.png
file uploaded sandbox/files-send/Girls Frontline/c8a5262.jpg
file uploaded sandbox/files-send/Girls Frontline/aa96d03.gif
file uploaded sandbox/files-send/Girls Frontline/b66f16a.png
file uploaded sandbox/files-send/Girls Frontline/96002495_3216782658547707_8646824371593150464_o.jpg
file uploaded sandbox/files-send/Girls Frontline/76693239_3075467495800740_6194508701114564608_n.jpg
file uploaded sandbox/files-send/Girls Frontline/IMG-20200402-WA0002.jpg
file uploaded sandbox/files-send/Girls Frontline/92811002_2073436812802274_1373213379400826880_o.jpg
file uploaded sandbox/files-send/Girls Frontline/ff8523b.png
file uploaded sandbox/files-send/Girls Frontline/e147fd9.png
file uploaded sandbox/files-send/Girls Frontline/f00bb37.jpg
file uploaded sandbox/files-send/Girls Frontline/59b1d23.jpg
file uploaded sandbox/files-send/Girls Frontline/86262601_592259678021145_5736654415582986240_o.jpg
file uploaded sandbox/files-send/Girls Frontline/666a5b1.jpg
file uploaded sandbox/files-send/Girls Frontline/74f0884.jpg
file uploaded sandbox/files-send/Girls Frontline/2557591.jpg
file uploaded sandbox/files-send/Girls Frontline/IMG_20200404_234237.jpg
file uploaded sandbox/files-send/Girls Frontline/94714425_637932680120511_1129100563716243456_o.jpg
file uploaded sandbox/files-send/Girls Frontline/7bc2ed2.jpg
file uploaded sandbox/files-send/Girls Frontline/89052528_605626286684484_3636470804327170048_o.jpg
file uploaded sandbox/files-send/Girls Frontline/IMG_20200416_174406.jpg
file uploaded sandbox/files-send/Girls Frontline/e46b269.jpg
file uploaded sandbox/files-send/Girls Frontline/b805c44.jpg
file uploaded sandbox/files-send/Girls Frontline/662cac0.jpg
file uploaded sandbox/files-send/Girls Frontline/1ece53c.png
file uploaded sandbox/files-send/Girls Frontline/120725185_3230533047055907_5731482343304194950_o.jpg
file uploaded sandbox/files-send/Girls Frontline/90ca2bf.jpg
file uploaded sandbox/files-send/Girls Frontline/174427456_10224436269596439_635594764358202302_n.jpg
file uploaded sandbox/files-send/Girls Frontline/10ef14f.png
file uploaded sandbox/files-send/Girls Frontline/6975af5.jpg
file uploaded sandbox/files-send/Girls Frontline/c0d0f02.jpg
file uploaded sandbox/files-send/Girls Frontline/b6ce1de.jpg
file uploaded sandbox/files-send/Girls Frontline/6d5eed7.png
file uploaded sandbox/files-send/Girls Frontline/d9a393f.jpg
file uploaded sandbox/files-send/Girls Frontline/d838e0b.jpg
file uploaded sandbox/files-send/Girls Frontline/88426590_607350919845354_1452323013386043392_o.jpg
file uploaded sandbox/files-send/Girls Frontline/92799059_629447420969037_7336477111403675648_o.jpg
file uploaded sandbox/files-send/Girls Frontline/IMG-20200428-WA0081.jpg
file uploaded sandbox/files-send/Girls Frontline/72749b6.jpg
file uploaded sandbox/files-send/Girls Frontline/88424869_605563226690790_576967644343697408_o.jpg
file uploaded sandbox/files-send/Girls Frontline/117122710_709791756267936_2868012861571111367_o.jpg
file uploaded sandbox/files-send/Girls Frontline/f004956.png
file uploaded sandbox/files-send/Girls Frontline/83257120_2736689649757203_3731181739511382016_n.png
file uploaded sandbox/files-send/Girls Frontline/IMG_20191230_094655.jpg
file uploaded sandbox/files-send/Girls Frontline/c67ce79.png
file uploaded sandbox/files-send/Girls Frontline/74171298_2514736965516964_4015907040097468416_o.jpg
file uploaded sandbox/files-send/Girls Frontline/IMG-20200402-WA0005.jpg
file uploaded sandbox/files-send/Girls Frontline/6ad42d5.jpg
file uploaded sandbox/files-send/Girls Frontline/bd0525e.png
file uploaded sandbox/files-send/Girls Frontline/ae7b82c.jpg
file uploaded sandbox/files-send/Girls Frontline/120042799_656386885292178_9051107975086376452_o.jpg
file uploaded sandbox/files-send/Girls Frontline/IMG-20200402-WA0004.jpg
file uploaded sandbox/files-send/Girls Frontline/827a316.jpg
file uploaded sandbox/files-send/Girls Frontline/de6b584.png
file uploaded sandbox/files-send/Girls Frontline/2a13877.jpg
file uploaded sandbox/files-send/Girls Frontline/73005761_583333502410315_9207121873471537152_o.jpg
file uploaded sandbox/files-send/Girls Frontline/baf0506.jpg
file uploaded sandbox/files-send/Girls Frontline/IMG_20191230_094702.jpg
file uploaded sandbox/files-send/Girls Frontline/3b6c11d.jpg
file uploaded sandbox/files-send/Girls Frontline/176791469_1701010226767446_6863372872156305677_n.jpg
file uploaded sandbox/files-send/Girls Frontline/91aff6f.jpg
file uploaded sandbox/files-send/Girls Frontline/dd73f4a.jpg
file uploaded sandbox/files-send/Girls Frontline/f66318e.png
file uploaded sandbox/files-send/Girls Frontline/66b71af.jpg
file uploaded sandbox/files-send/Girls Frontline/b3cb6d6.png
file uploaded sandbox/files-send/Girls Frontline/76948ed.png
file uploaded sandbox/files-send/Girls Frontline/2e6935a.jpg
file uploaded sandbox/files-send/Girls Frontline/f1b34d4.jpg
file uploaded sandbox/files-send/Girls Frontline/89472248_611587892754990_5192743996350267392_o.jpg
file uploaded sandbox/files-send/Girls Frontline/IMG-20200924-WA0014.jpg
file uploaded sandbox/files-send/Girls Frontline/94bbc4e.png
file uploaded sandbox/files-send/Girls Frontline/87546860_600111620569284_1349236015801303040_o.jpg
file uploaded sandbox/files-send/Girls Frontline/45a90f2.jpg
file uploaded sandbox/files-send/Girls Frontline/7db60d5.jpg
file uploaded sandbox/files-send/Girls Frontline/ef4dbbd.jpg
file uploaded sandbox/files-send/Girls Frontline/48af6e9.jpg
file uploaded sandbox/files-send/Girls Frontline/83515737_2736689653090536_2201116828770500608_n.png
file uploaded sandbox/files-send/Girls Frontline/3d3440e.png
file uploaded sandbox/files-send/Girls Frontline/95345089_2766917610084122_7315880003030220800_o.jpg
file uploaded sandbox/files-send/Girls Frontline/90112379_2921661361228051_8022657008056401920_o.jpg
file uploaded sandbox/files-send/Girls Frontline/6f38f7f.jpg
file uploaded sandbox/files-send/Girls Frontline/9d71f11.jpg
file uploaded sandbox/files-send/Girls Frontline/ed256dd.jpg
file uploaded sandbox/files-send/Girls Frontline/158db8b.jpg
file uploaded sandbox/files-send/Girls Frontline/126180979_3357011687741375_3091328755178995037_o.jpg
file uploaded sandbox/files-send/Girls Frontline/RDT_20210825_1225572392697910821920233.jpg
file uploaded sandbox/files-send/Girls Frontline/RDT_20220209_0720311042312513253411339.jpg
file uploaded sandbox/files-send/Girls Frontline/fe21f45.jpg
file uploaded sandbox/files-send/Girls Frontline/caeb40d.jpg
file uploaded sandbox/files-send/Girls Frontline/89da240.jpg
file uploaded sandbox/files-send/Girls Frontline/89379511_609313756315737_5537815799353311232_o.jpg
file uploaded sandbox/files-send/Girls Frontline/f3a5c10.jpg
file uploaded sandbox/files-send/Girls Frontline/e37a504.png
file uploaded sandbox/files-send/Girls Frontline/d7b66fb.png
file uploaded sandbox/files-send/Girls Frontline/4184479.png
file uploaded sandbox/files-send/Girls Frontline/bb0de99.jpg
file uploaded sandbox/files-send/Girls Frontline/523b9a9.jpg
file uploaded sandbox/files-send/Girls Frontline/74426903_1192750527582564_2201644229279612928_o.jpg
file uploaded sandbox/files-send/Girls Frontline/IMG-20191031-WA0020.jpg
file uploaded sandbox/files-send/Girls Frontline/2eec971.jpg
file uploaded sandbox/files-send/Girls Frontline/daa41d3.png
file uploaded sandbox/files-send/Girls Frontline/f1477cb.png
file uploaded sandbox/files-send/Girls Frontline/75217a8.png
file uploaded sandbox/files-send/Girls Frontline/3b44e28.jpg
file uploaded sandbox/files-send/Girls Frontline/c322456.jpg
file uploaded sandbox/files-send/Girls Frontline/2250cd6.jpg
file uploaded sandbox/files-send/Girls Frontline/a4e0979.jpg
file uploaded sandbox/files-send/Girls Frontline/84998842_591795398067573_6511553987085336576_o.jpg
file uploaded sandbox/files-send/Girls Frontline/9a94f6d.jpg
file uploaded sandbox/files-send/Girls Frontline/90249270_615920045655108_9121271223890739200_o.jpg
file uploaded sandbox/files-send/Girls Frontline/12fe207.jpg
file uploaded sandbox/files-send/Girls Frontline/2549b63.png
file uploaded sandbox/files-send/Girls Frontline/39bfe6f.png
file uploaded sandbox/files-send/Girls Frontline/75f4b6a.jpg
file uploaded sandbox/files-send/Girls Frontline/805ef6f.png
file uploaded sandbox/files-send/Girls Frontline/7811cd8.jpg
file uploaded sandbox/files-send/Girls Frontline/bebdc17.jpg
file uploaded sandbox/files-send/Girls Frontline/9686618.png
file uploaded sandbox/files-send/Girls Frontline/IMG_20200108_095752.jpg
file uploaded sandbox/files-send/Girls Frontline/83323524_581402579106855_6368176609966424064_o.jpg
file uploaded sandbox/files-send/Girls Frontline/de54bed.jpg
file uploaded sandbox/files-send/Girls Frontline/cb0830e.png
file uploaded sandbox/files-send/Girls Frontline/6399285.jpg
file uploaded sandbox/files-send/Girls Frontline/9ce6519.png
file uploaded sandbox/files-send/Girls Frontline/3cb37bf.png
file uploaded sandbox/files-send/Girls Frontline/14d9f8b.jpg
file uploaded sandbox/files-send/Girls Frontline/686b126.jpg
file uploaded sandbox/files-send/Girls Frontline/2ac953e.jpg
file uploaded sandbox/files-send/Girls Frontline/fb95582.png
file uploaded sandbox/files-send/Girls Frontline/225296686_929286787651764_6533727509290070493_n.jpg
file uploaded sandbox/files-send/Girls Frontline/e326f6c.jpg
file uploaded sandbox/files-send/Girls Frontline/b31d032.jpg
file uploaded sandbox/files-send/Girls Frontline/c7b6ae3.png
file uploaded sandbox/files-send/Girls Frontline/2043521.png
file uploaded sandbox/files-send/Girls Frontline/5a61eb2.jpg
file uploaded sandbox/files-send/Girls Frontline/e49bbf8.jpg
file uploaded sandbox/files-send/Girls Frontline/f88d597.jpg
file uploaded sandbox/files-send/Girls Frontline/5f3607f.jpg
file uploaded sandbox/files-send/Girls Frontline/a1ae578.jpg
file uploaded sandbox/files-send/Girls Frontline/81544150_570333723547074_6807383964269936640_n.jpg
file uploaded sandbox/files-send/Girls Frontline/7bc7b8c.png
file uploaded sandbox/files-send/Girls Frontline/ad4c029.jpg
file uploaded sandbox/files-send/Girls Frontline/8aa7c53.jpg
file uploaded sandbox/files-send/Girls Frontline/1dcf6c5.jpg
file uploaded sandbox/files-send/Girls Frontline/74612449_10157611033709481_3985933816253382656_n.jpg
file uploaded sandbox/files-send/Girls Frontline/118485647_720725695174542_1993412185914237731_o.jpg
file uploaded sandbox/files-send/Girls Frontline/b4d672a.png
file uploaded sandbox/files-send/Girls Frontline/669a1db.png
file uploaded sandbox/files-send/Girls Frontline/d9b4be1.jpg
file uploaded sandbox/files-send/Girls Frontline/53b7c15.png
file uploaded sandbox/files-send/Girls Frontline/IMG_20201124_123029.jpg
file uploaded sandbox/files-send/Girls Frontline/100074077_3029476993784070_254028641040596992_o.jpg
file uploaded sandbox/files-send/Girls Frontline/169147093_1690889177779551_1212009630727352705_n.jpg
file uploaded sandbox/files-send/Girls Frontline/c17feb3.jpg
file uploaded sandbox/files-send/Girls Frontline/8141a7d.jpg
file uploaded sandbox/files-send/Girls Frontline/5fdeadc.jpg
file uploaded sandbox/files-send/Girls Frontline/ca99cfd.jpg
file uploaded sandbox/files-send/Girls Frontline/731e630.png
file uploaded sandbox/files-send/Girls Frontline/RDT_20220118_1821428088096261522503817.jpg
file uploaded sandbox/files-send/Girls Frontline/83164511_2832603260094460_4297413464558665728_o.jpg
file uploaded sandbox/files-send/Girls Frontline/ANIME-PICTURES.NET_-_626461-1028x1577-girls+frontline-pa-15+(girls+frontline)-ubi+(ekdus6080)-long+hair-single-tall+image.png
file uploaded sandbox/files-send/Girls Frontline/92098ce.png
file uploaded sandbox/files-send/Girls Frontline/e8c689e.jpg
file uploaded sandbox/files-send/Girls Frontline/99003702_149529866620404_1168163411532447744_o.jpg
file uploaded sandbox/files-send/Girls Frontline/84902503_189122078869684_8866149298924945408_n.jpg
file uploaded sandbox/files-send/Girls Frontline/780437b.jpg
file uploaded sandbox/files-send/Girls Frontline/1e0bbcc.jpg
file uploaded sandbox/files-send/Girls Frontline/a5e5d67.jpg
file uploaded sandbox/files-send/Girls Frontline/87bcce4.jpg
file uploaded sandbox/files-send/Girls Frontline/927e6f7.png
file uploaded sandbox/files-send/Girls Frontline/5ec7b01.png
file uploaded sandbox/files-send/Girls Frontline/3cbcf89.jpg
file uploaded sandbox/files-send/Girls Frontline/43e5b2d.jpg
file uploaded sandbox/files-send/Girls Frontline/82278795_2796798037047718_4668501838683701248_o.jpg
file uploaded sandbox/files-send/Girls Frontline/afc8d62.png
file uploaded sandbox/files-send/Girls Frontline/86191247_2586662641442954_1386892356317347840_o.png
file uploaded sandbox/files-send/Girls Frontline/fed01e1.jpg
file uploaded sandbox/files-send/Girls Frontline/914bcf4.jpg
file uploaded sandbox/files-send/Girls Frontline/879bda5.jpg
file uploaded sandbox/files-send/Girls Frontline/3810035.jpg
file uploaded sandbox/files-send/Girls Frontline/f878c59.jpg
file uploaded sandbox/files-send/Girls Frontline/e6a621f.jpg
file uploaded sandbox/files-send/Girls Frontline/IMG-20200402-WA0016.jpg
file uploaded sandbox/files-send/Girls Frontline/77933a5.jpg
file uploaded sandbox/files-send/Girls Frontline/2a66201.jpg
file uploaded sandbox/files-send/Girls Frontline/6749c6a.jpg
file uploaded sandbox/files-send/Girls Frontline/147a644.jpg
file uploaded sandbox/files-send/Girls Frontline/cbb0537.jpg
file uploaded sandbox/files-send/Girls Frontline/88988131_609805129599933_4348448645381619712_o.jpg
file uploaded sandbox/files-send/Girls Frontline/5569fb8.jpg
file uploaded sandbox/files-send/Girls Frontline/131f062.jpg
file uploaded sandbox/files-send/Girls Frontline/82872478_581333079113805_1856605506114682880_o.jpg
file uploaded sandbox/files-send/Girls Frontline/80846489_554056461841467_3162829906937643008_o.jpg
file uploaded sandbox/files-send/Girls Frontline/27cf3ec.png
file uploaded sandbox/files-send/Girls Frontline/53044d2.jpg
file uploaded sandbox/files-send/Girls Frontline/86774a1.jpg
file uploaded sandbox/files-send/Girls Frontline/fd80649.png
file uploaded sandbox/files-send/Girls Frontline/353ea52.png
file uploaded sandbox/files-send/Girls Frontline/5e55184.png
file uploaded sandbox/files-send/Girls Frontline/IMG-20200402-WA0012.jpg
file uploaded sandbox/files-send/Girls Frontline/b02c8c7.jpg
file uploaded sandbox/files-send/Girls Frontline/120139300_10207140310423444_4526645510760120325_o.jpg
file uploaded sandbox/files-send/Girls Frontline/107870043_288368818945009_4293496492175557579_o.jpg
file uploaded sandbox/files-send/Girls Frontline/93476333_3459723764044599_8416676689316151296_n.jpg
file uploaded sandbox/files-send/Girls Frontline/ab5d1a6.jpg
file uploaded sandbox/files-send/Girls Frontline/IMG-20200428-WA0082.jpg
file uploaded sandbox/files-send/Girls Frontline/87487646_10218218386744142_791217213116776448_o.jpg
file uploaded sandbox/files-send/Girls Frontline/ed434b2.png
file uploaded sandbox/files-send/Girls Frontline/RDT_20220518_0003581414686791860862155.jpg
file uploaded sandbox/files-send/Girls Frontline/95440750_644472829466496_3914810326062727168_o.jpg
file uploaded sandbox/files-send/Girls Frontline/77366c1.png
file uploaded sandbox/files-send/Girls Frontline/IMG-20200923-WA0014.jpg
file uploaded sandbox/files-send/Girls Frontline/d037dff.jpg
file uploaded sandbox/files-send/Girls Frontline/92941062_629951710918608_2581160471700701184_o.jpg
file uploaded sandbox/files-send/Girls Frontline/58a28e2.jpg
file uploaded sandbox/files-send/Girls Frontline/126009162_4113302432020059_1933721433087155326_n.jpg
file uploaded sandbox/files-send/Girls Frontline/81604034_2701482206564018_2748246789848039424_o.jpg
file uploaded sandbox/files-send/Girls Frontline/1b04a93.jpg
file uploaded sandbox/files-send/Girls Frontline/IMG_20200819_141829.jpg
file uploaded sandbox/files-send/Girls Frontline/ae0912e.jpg
file uploaded sandbox/files-send/Girls Frontline/101291025_664359750811137_657081549056901120_o.jpg
file uploaded sandbox/files-send/Girls Frontline/20fa3fd.jpg
file uploaded sandbox/files-send/Girls Frontline/54203c3.jpg
file uploaded sandbox/files-send/Girls Frontline/46a7793.jpg
file uploaded sandbox/files-send/Girls Frontline/74624044_2349132341862653_7563051226271580160_o.png.jpg
file uploaded sandbox/files-send/Girls Frontline/38faf74.jpg
file uploaded sandbox/files-send/Girls Frontline/a1f8dc9.png
file uploaded sandbox/files-send/Girls Frontline/65dd0a7.jpg
file uploaded sandbox/files-send/Girls Frontline/b0f83c3.jpg
file uploaded sandbox/files-send/Girls Frontline/82214967_572351880011925_4441827049782378496_o.jpg
file uploaded sandbox/files-send/Girls Frontline/IMG_20200415_124327.jpg
file uploaded sandbox/files-send/Girls Frontline/1aa65a4.jpg
file uploaded sandbox/files-send/Girls Frontline/4d8b6ac.png
file uploaded sandbox/files-send/Girls Frontline/4ce1b6a.jpg
file uploaded sandbox/files-send/Girls Frontline/8e58542.jpg
file uploaded sandbox/files-send/Girls Frontline/b8abe5f.jpg
file uploaded sandbox/files-send/Girls Frontline/7a49952.jpg
file uploaded sandbox/files-send/Girls Frontline/81182421_555600305020416_208275234904604672_o.jpg
file uploaded sandbox/files-send/Girls Frontline/65be47a.jpg
file uploaded sandbox/files-send/Girls Frontline/d517fe8.png
file uploaded sandbox/files-send/Girls Frontline/713ac62.png
file uploaded sandbox/files-send/Girls Frontline/f1307ad.jpg
file uploaded sandbox/files-send/Girls Frontline/79499320_553316791915434_2715395959390470144_o.jpg
file uploaded sandbox/files-send/Girls Frontline/bfb4993.jpg
file uploaded sandbox/files-send/Girls Frontline/792f007.png
file uploaded sandbox/files-send/Girls Frontline/ce197ce.jpg
file uploaded sandbox/files-send/Girls Frontline/c6d9f53.jpg
file uploaded sandbox/files-send/Girls Frontline/7f52a3c.jpg
file uploaded sandbox/files-send/Girls Frontline/8feb8c8.png
file uploaded sandbox/files-send/Girls Frontline/ssksv3vlqce51.png
file uploaded sandbox/files-send/Girls Frontline/IMG-20200920-WA0006.jpg
file uploaded sandbox/files-send/Girls Frontline/6a6d59e.gif
file uploaded sandbox/files-send/Girls Frontline/IMG-20200402-WA0008.jpg
file uploaded sandbox/files-send/Girls Frontline/ead1e21.jpg
file uploaded sandbox/files-send/Girls Frontline/996e393.jpg
file uploaded sandbox/files-send/Girls Frontline/ba1cb32.jpg
file uploaded sandbox/files-send/Girls Frontline/716f97f.png
file uploaded sandbox/files-send/Girls Frontline/f6471ae.jpg
file uploaded sandbox/files-send/Girls Frontline/89722093_3368935733123403_2249790499135160320_o.jpg
file uploaded sandbox/files-send/Girls Frontline/87905409_2617399235035961_2192008427201363968_o.jpg
file uploaded sandbox/files-send/Girls Frontline/IMG_20200108_095919.jpg
file uploaded sandbox/files-send/Girls Frontline/86794383_598705304043249_6948229926319292416_o.jpg
file uploaded sandbox/files-send/Girls Frontline/85233917_600414810538965_63537942290759680_o.jpg
file uploaded sandbox/files-send/Girls Frontline/950abe8.jpg
file uploaded sandbox/files-send/Girls Frontline/1ac5f49.jpg
file uploaded sandbox/files-send/Girls Frontline/6cb2bbd.jpg
file uploaded sandbox/files-send/Girls Frontline/dc1a85c.jpg
file uploaded sandbox/files-send/Girls Frontline/3df47f6.jpg
file uploaded sandbox/files-send/Girls Frontline/361c9c8.jpg
file uploaded sandbox/files-send/Girls Frontline/97efaec.jpg
file uploaded sandbox/files-send/Girls Frontline/72651093_1482338128581512_4706624599763189760_o.jpg
file uploaded sandbox/files-send/Girls Frontline/d710158.jpg
file uploaded sandbox/files-send/Girls Frontline/91501557_620860128494433_3394146099492028416_o.jpg
file uploaded sandbox/files-send/Girls Frontline/RDT_20220204_2057135403313853573309932.jpg
file uploaded sandbox/files-send/Girls Frontline/91207268_3419563664727276_5054913681163288576_o.jpg
file uploaded sandbox/files-send/Girls Frontline/9fd1bb6.png
file uploaded sandbox/files-send/Girls Frontline/118194410_345304699985937_2215294863921595564_o.jpg
file uploaded sandbox/files-send/Girls Frontline/3037f0f.png
file uploaded sandbox/files-send/Girls Frontline/80693280_2330665463891611_3336793949489594368_o.jpg
file uploaded sandbox/files-send/Girls Frontline/d91715e.jpg
file uploaded sandbox/files-send/Girls Frontline/IMG_20200628_110410.jpg
file uploaded sandbox/files-send/Girls Frontline/84642165_2562365580539327_7089055663367651328_o.jpg
file uploaded sandbox/files-send/Girls Frontline/f53fc83.png
file uploaded sandbox/files-send/Girls Frontline/c68fdec.jpg
file uploaded sandbox/files-send/Girls Frontline/80652153_556436374936809_6803129670314229760_o.jpg
file uploaded sandbox/files-send/Girls Frontline/3e130c4.jpg
file uploaded sandbox/files-send/Girls Frontline/6d94329.jpg
file uploaded sandbox/files-send/Girls Frontline/ea762d4.jpg
file uploaded sandbox/files-send/Girls Frontline/1e30658.jpg
file uploaded sandbox/files-send/Girls Frontline/95577775_3058648074254994_7453366540444893184_o.jpg
file uploaded sandbox/files-send/Girls Frontline/2036399.jpg
file uploaded sandbox/files-send/Girls Frontline/a5b1d49.png
file uploaded sandbox/files-send/Girls Frontline/4191e60.jpg
file uploaded sandbox/files-send/Girls Frontline/a39fcd9.png
file uploaded sandbox/files-send/Girls Frontline/76679892_1276459369217580_6274643363404709888_o.png
file uploaded sandbox/files-send/Girls Frontline/a658cd9.jpg
file uploaded sandbox/files-send/Girls Frontline/IMG_20191230_094648.jpg
file uploaded sandbox/files-send/Girls Frontline/160615074_852130752034035_4346749697871534839_o.jpg
file uploaded sandbox/files-send/Girls Frontline/ab99c26.jpg
file uploaded sandbox/files-send/Girls Frontline/87421616_607328419849724_4340864695209558016_o.jpg
file uploaded sandbox/files-send/Girls Frontline/118475532_347724379743969_7553671138692550725_o.jpg
file uploaded sandbox/files-send/Girls Frontline/82be55d.jpg
file uploaded sandbox/files-send/Girls Frontline/6408286.jpg
file uploaded sandbox/files-send/Girls Frontline/54b63d6.jpg
file uploaded sandbox/files-send/Girls Frontline/5cc23c8.jpg
file uploaded sandbox/files-send/Girls Frontline/2d7b1f1.png
file uploaded sandbox/files-send/Girls Frontline/b95df39.jpg
file uploaded sandbox/files-send/Girls Frontline/987fd1f.png
file uploaded sandbox/files-send/Girls Frontline/47acd4c.jpg
file uploaded sandbox/files-send/Girls Frontline/87934363_601013713812408_1345526804735066112_o.jpg
file uploaded sandbox/files-send/Girls Frontline/IMG_20200515_150502.jpg
file uploaded sandbox/files-send/Girls Frontline/91553401_2701719326603951_5515688291053076480_o.png
file uploaded sandbox/files-send/Girls Frontline/81fd7c6.jpg
file uploaded sandbox/files-send/Girls Frontline/b1514f5.jpg
file uploaded sandbox/files-send/Girls Frontline/145540929_4325898124093821_2729423248325008743_o.jpg
file uploaded sandbox/files-send/Girls Frontline/IMG-20200920-WA0007.jpg
file uploaded sandbox/files-send/Girls Frontline/d17a36b.png
file uploaded sandbox/files-send/Girls Frontline/afe84b0.jpg
file uploaded sandbox/files-send/Girls Frontline/b1d3295.jpg
file uploaded sandbox/files-send/Girls Frontline/85004565_590521874861592_3109342222479261696_o.jpg
file uploaded sandbox/files-send/Girls Frontline/IMG-20200428-WA0083.jpg
file uploaded sandbox/files-send/Girls Frontline/6c2b4e9.png
file uploaded sandbox/files-send/Girls Frontline/4d3ab65.png
file uploaded sandbox/files-send/Girls Frontline/e410f2d.jpg
file uploaded sandbox/files-send/Girls Frontline/3cf92d2.jpg
file uploaded sandbox/files-send/Girls Frontline/aabbc53.jpg
file uploaded sandbox/files-send/Girls Frontline/fd7ffa0.jpg
file uploaded sandbox/files-send/Girls Frontline/482d3ce.jpg
file uploaded sandbox/files-send/Girls Frontline/a8781d8.jpg
file uploaded sandbox/files-send/Girls Frontline/IMG-20200402-WA0019.jpg
file uploaded sandbox/files-send/Girls Frontline/77d0dbe.jpg
file uploaded sandbox/files-send/Girls Frontline/90678027_2679282832180934_5345482800151658496_n.png
file uploaded sandbox/files-send/Girls Frontline/87c0760.png
file uploaded sandbox/files-send/Girls Frontline/28b0a63.png
file uploaded sandbox/files-send/Girls Frontline/981842e.jpg
file uploaded sandbox/files-send/Girls Frontline/83777907_695915527916937_335692740128104338_o.jpg
file uploaded sandbox/files-send/Girls Frontline/a1666a3.png
file uploaded sandbox/files-send/Girls Frontline/IMG_20200108_095748.jpg
file uploaded sandbox/files-send/Girls Frontline/cb3da8f.png
file uploaded sandbox/files-send/Girls Frontline/9689f40.jpg
file uploaded sandbox/files-send/Girls Frontline/1ada76b.jpg
file uploaded sandbox/files-send/Girls Frontline/d694119.jpg
file uploaded sandbox/files-send/Girls Frontline/83305510_581692289077884_7403697614488600576_o.jpg
file uploaded sandbox/files-send/Girls Frontline/IMG-20200923-WA0013.jpg
file uploaded sandbox/files-send/Girls Frontline/93157112_2716612995114584_7492629138600099840_n.png
file uploaded sandbox/files-send/Girls Frontline/b351e05.jpg
file uploaded sandbox/files-send/Girls Frontline/768427d.jpg
file uploaded sandbox/files-send/Girls Frontline/IMG-20200615-WA0005.jpg
file uploaded sandbox/files-send/Girls Frontline/e1e6b81.jpg
file uploaded sandbox/files-send/Girls Frontline/a9b9cbc.png
file uploaded sandbox/files-send/Girls Frontline/3633d13.png
file uploaded sandbox/files-send/Girls Frontline/IMG-20200402-WA0017.jpg
file uploaded sandbox/files-send/Girls Frontline/81658546_2993546804231282_6572166025855369216_o.jpg
file uploaded sandbox/files-send/Girls Frontline/73528736_2863779213874709_6669100345349636096_o.jpg
file uploaded sandbox/files-send/Girls Frontline/8043c15.jpg
file uploaded sandbox/files-send/Girls Frontline/60343498_677265086036027_1643339824154804224_o.jpg
file uploaded sandbox/files-send/Girls Frontline/118193004_3554386847927421_2300280881965576734_n.jpg
file uploaded sandbox/files-send/Girls Frontline/ab93b63.jpg
file uploaded sandbox/files-send/Girls Frontline/1229978.jpg
file uploaded sandbox/files-send/Girls Frontline/119929382_3923702624313375_8731167348101496651_n.jpg
file uploaded sandbox/files-send/Girls Frontline/8825524.png
file uploaded sandbox/files-send/Girls Frontline/IMG-20200428-WA0080.jpg
file uploaded sandbox/files-send/Girls Frontline/902d3c9.jpg
file uploaded sandbox/files-send/Girls Frontline/afc7070.jpg
file uploaded sandbox/files-send/Girls Frontline/c07d10a.jpg
file uploaded sandbox/files-send/Girls Frontline/bdae5ef.jpg
file uploaded sandbox/files-send/Girls Frontline/3c00c08.jpg
file uploaded sandbox/files-send/Girls Frontline/81849345_570604260186687_4876422240570179584_o.jpg
file uploaded sandbox/files-send/Girls Frontline/IMG-20200428-WA0087.jpg
file uploaded sandbox/files-send/Girls Frontline/bee9105.jpg
file uploaded sandbox/files-send/Girls Frontline/75439393_2729649170389383_5110693813005844480_o.jpg
file uploaded sandbox/files-send/Girls Frontline/4fd422d.jpg
file uploaded sandbox/files-send/Girls Frontline/525fc8d.png
file uploaded sandbox/files-send/Girls Frontline/7dc2831.jpg
file uploaded sandbox/files-send/Girls Frontline/88220478_604743476772765_6088601013822947328_o.jpg
file uploaded sandbox/files-send/Girls Frontline/af94512.png
file uploaded sandbox/files-send/Girls Frontline/87569847_2616774145098470_1163989631033671680_n.png
file uploaded sandbox/files-send/Girls Frontline/e20f210.jpg
file uploaded sandbox/files-send/Girls Frontline/89453536_3056030801316215_4580034321364025344_o.jpg
file uploaded sandbox/files-send/Girls Frontline/171e5ea.png
file uploaded sandbox/files-send/Girls Frontline/IMG_20200912_223938.jpg
file uploaded sandbox/files-send/Girls Frontline/c69bc60.png
file uploaded sandbox/files-send/Girls Frontline/89388369_2630916530350898_9182912315350056960_n.png
file uploaded sandbox/files-send/Girls Frontline/60402116_677265072702695_1127741988251107328_o.jpg
file uploaded sandbox/files-send/Girls Frontline/881d7d0.jpg
file uploaded sandbox/files-send/Girls Frontline/5782621.jpg
file uploaded sandbox/files-send/Girls Frontline/78100274_171373154062692_2418385836862078976_o.jpg
file uploaded sandbox/files-send/Girls Frontline/acfb3d0.jpg
file uploaded sandbox/files-send/Girls Frontline/118815267_3143154865793726_3930528342139809831_o.jpg
file uploaded sandbox/files-send/Girls Frontline/f2fddc1.jpg
file uploaded sandbox/files-send/Girls Frontline/e6594f6.png
file uploaded sandbox/files-send/Girls Frontline/78f9f71.jpg
file uploaded sandbox/files-send/Girls Frontline/9c46d50.jpg
file uploaded sandbox/files-send/Girls Frontline/93509236_2897365643718385_5248066615391551488_o.jpg
file uploaded sandbox/files-send/Girls Frontline/91576456_620860075161105_2921409374322688000_o.jpg
file uploaded sandbox/files-send/Girls Frontline/90d81e3.jpg
file uploaded sandbox/files-send/Girls Frontline/IMG-20200403-WA0011.jpg
file uploaded sandbox/files-send/Girls Frontline/1e0beda.jpg
file uploaded sandbox/files-send/Girls Frontline/f278661.jpg
file uploaded sandbox/files-send/Girls Frontline/84176934_2558963430879542_6023658801909989376_o.png
file uploaded sandbox/files-send/Girls Frontline/60246812_677265039369365_9075462167863492608_o.jpg
file uploaded sandbox/files-send/Girls Frontline/118032804_714079265839185_7425710272890643143_o.jpg
file uploaded sandbox/files-send/Girls Frontline/IMG-20200923-WA0015.jpg
file uploaded sandbox/files-send/Girls Frontline/555382f.jpg
file uploaded sandbox/files-send/Girls Frontline/9a016f3.jpg
file uploaded sandbox/files-send/Girls Frontline/e6a7b62.jpg
file uploaded sandbox/files-send/Girls Frontline/118805112_727092414537870_8842088927102978014_o.jpg
file uploaded sandbox/files-send/Girls Frontline/f84dd9e.jpg
file uploaded sandbox/files-send/Girls Frontline/IMG_20200821_013738.jpg
file uploaded sandbox/files-send/Girls Frontline/IMG_20200416_174402.jpg
file uploaded sandbox/files-send/Girls Frontline/115740754_3045064495602764_7393136313018562491_n.jpg
file uploaded sandbox/files-send/Girls Frontline/2fe4d84.jpg
file uploaded sandbox/files-send/Girls Frontline/4a5509d.jpg
file uploaded sandbox/files-send/Girls Frontline/IMG_20200406_210726.jpg
file uploaded sandbox/files-send/Girls Frontline/8492398.jpg
file uploaded sandbox/files-send/Girls Frontline/4d81e9e.jpg
file uploaded sandbox/files-send/Girls Frontline/66478514_814306332287087_5284729852094578688_n.mp4
file uploaded sandbox/files-send/Girls Frontline/f8e3c85.jpg
file uploaded sandbox/files-send/Girls Frontline/118293024_3332786893426112_5354097968426453915_n.jpg
file uploaded sandbox/files-send/Girls Frontline/94030925_713232509432948_3540781638801686528_o.jpg
file uploaded sandbox/files-send/Girls Frontline/123713299_4069179666432336_564046574265904331_n.jpg
file uploaded sandbox/files-send/Girls Frontline/cac91cd.jpg
file uploaded sandbox/files-send/Girls Frontline/e68f622.jpg
file uploaded sandbox/files-send/Girls Frontline/6b92c35.jpg
file uploaded sandbox/files-send/Girls Frontline/288c6c3.jpg
file uploaded sandbox/files-send/Girls Frontline/a0ffe5f.jpg
file uploaded sandbox/files-send/Girls Frontline/131377304_3426966030745940_7152305615592874864_n.png
file uploaded sandbox/files-send/Girls Frontline/105610022_3280404321999090_817234702611177951_o.jpg
file uploaded sandbox/files-send/Girls Frontline/cdd39c8.jpg
file uploaded sandbox/files-send/Girls Frontline/66464390_2100457810083182_3250659492764844032_n.jpg
file uploaded sandbox/files-send/Girls Frontline/7630209.jpg
file uploaded sandbox/files-send/Girls Frontline/f54c6d1.jpg
file uploaded sandbox/files-send/Girls Frontline/e468a9d.png
file uploaded sandbox/files-send/Girls Frontline/d0d50f9.jpg
file uploaded sandbox/files-send/Girls Frontline/87759457_601770100403436_7106618690879094784_o.jpg
file uploaded sandbox/files-send/Girls Frontline/83257021_582937548953358_458630248683012096_n.jpg
file uploaded sandbox/files-send/Girls Frontline/38bb374.jpg
file uploaded sandbox/files-send/Girls Frontline/505f0ec.jpg
file uploaded sandbox/files-send/Girls Frontline/119562240_3183733745069171_5358354630392299657_o.png
file uploaded sandbox/files-send/Girls Frontline/IMG-20200428-WA0084.jpg
file uploaded sandbox/files-send/Girls Frontline/1edc15a.jpg
file uploaded sandbox/files-send/Girls Frontline/abcf0ab.jpg
file uploaded sandbox/files-send/Girls Frontline/842086e.jpg
file uploaded sandbox/files-send/Girls Frontline/f4608ed.png
file uploaded sandbox/files-send/Girls Frontline/f5abc44.jpg
file uploaded sandbox/files-send/Girls Frontline/IMG-20200402-WA0010.jpg
file uploaded sandbox/files-send/Girls Frontline/142827126_3537501719692370_2226529209051123686_o.jpg
file uploaded sandbox/files-send/Girls Frontline/b945729.jpg
file uploaded sandbox/files-send/Girls Frontline/IMG_20200415_124329.jpg
file uploaded sandbox/files-send/Girls Frontline/16f5cd0.jpg
file uploaded sandbox/files-send/Girls Frontline/6a02146.jpg
file uploaded sandbox/files-send/Girls Frontline/63416d6.jpg
file uploaded sandbox/files-send/Girls Frontline/82561289_2999742873611675_388635153775198208_o.jpg
file uploaded sandbox/files-send/Girls Frontline/a28f2ba.jpg
file uploaded sandbox/files-send/Girls Frontline/1123969.jpg
file uploaded sandbox/files-send/Girls Frontline/49fcab8.jpg
file uploaded sandbox/files-send/Girls Frontline/34f823c.jpg
file uploaded sandbox/files-send/Girls Frontline/89740465_2731541923566562_6838258925087752192_o.jpg
file uploaded sandbox/files-send/Girls Frontline/ffbe145.jpg
file uploaded sandbox/files-send/Girls Frontline/119485388_735069683740143_2491253122627823615_o.jpg
file uploaded sandbox/files-send/Girls Frontline/89345168_2626440574131827_1206642053602082816_o.png
file uploaded sandbox/files-send/Girls Frontline/38aab99.jpg
file uploaded sandbox/files-send/Girls Frontline/2258a14.jpg
file uploaded sandbox/files-send/Girls Frontline/71cc024.jpg
file uploaded sandbox/files-send/Girls Frontline/92259547_3421561554527487_329459970544238592_o.jpg
file uploaded sandbox/files-send/Girls Frontline/95730089_3122223428030285_8302276417161265152_o.jpg
file uploaded sandbox/files-send/Girls Frontline/3635421.png
file uploaded sandbox/files-send/Girls Frontline/RDT_20220201_0901323491625891166941954.jpg
file uploaded sandbox/files-send/Girls Frontline/131909703_4194741937209441_260534251541834449_n.jpg
file uploaded sandbox/files-send/Girls Frontline/83822369_580397262540720_8152037189836865536_o.jpg
file uploaded sandbox/files-send/Girls Frontline/82122793_572817369965376_6478456350627069952_o.jpg
file uploaded sandbox/files-send/Girls Frontline/120734653_750619512185160_8982510276746240233_o.jpg
file uploaded sandbox/files-send/Girls Frontline/c5ba024.jpg
file uploaded sandbox/files-send/Girls Frontline/b83517b.jpg
file uploaded sandbox/files-send/Girls Frontline/28f85cb.jpg
file uploaded sandbox/files-send/Girls Frontline/c4a035a.png
file uploaded sandbox/files-send/Girls Frontline/6a77685.jpg
file uploaded sandbox/files-send/Girls Frontline/513d617.jpg
file uploaded sandbox/files-send/Girls Frontline/5d9f176.jpg
file uploaded sandbox/files-send/Girls Frontline/fb3161c.png
file uploaded sandbox/files-send/Girls Frontline/24a333e.jpg
file uploaded sandbox/files-send/Girls Frontline/104824164_3264716806901175_7811622769217922685_o.jpg
file uploaded sandbox/files-send/Girls Frontline/81158474_10215045061469306_5355021123652157440_o.jpg
file uploaded sandbox/files-send/Girls Frontline/aa53d35.png
file uploaded sandbox/files-send/Girls Frontline/81631362_159679942032615_3573113160468529152_n.jpg
file uploaded sandbox/files-send/Girls Frontline/IMG-20200518-WA0000.jpg
file uploaded sandbox/files-send/Girls Frontline/e6a885e.jpg
file uploaded sandbox/files-send/Girls Frontline/5fc875b.jpg
file uploaded sandbox/files-send/Girls Frontline/da9223a.jpg
file uploaded sandbox/files-send/Girls Frontline/62eb10e.jpg
file uploaded sandbox/files-send/Girls Frontline/11806f5.jpg
file uploaded sandbox/files-send/Girls Frontline/119053583_3264141737171786_1737462444038305377_o.jpg
file uploaded sandbox/files-send/Girls Frontline/1136eb0.jpg
file uploaded sandbox/files-send/Girls Frontline/74590271_177728936612791_773420127067570176_o.jpg
file uploaded sandbox/files-send/Girls Frontline/157896069_2396727283807403_5172563670532404440_o.jpg
file uploaded sandbox/files-send/Girls Frontline/c2f9fb2.png
file uploaded sandbox/files-send/Girls Frontline/c2aa146.jpg
file uploaded sandbox/files-send/Girls Frontline/d7244d6.jpg
file uploaded sandbox/files-send/Girls Frontline/c3df6fc.jpg
file uploaded sandbox/files-send/Girls Frontline/130005966_421874552328951_210818421767375947_o.jpg
file uploaded sandbox/files-send/Girls Frontline/28a034d.png
file uploaded sandbox/files-send/Girls Frontline/88968637_10220866039582920_7415951778954346496_o.jpg
file uploaded sandbox/files-send/Girls Frontline/76762612_10207236997359086_5793723810708455424_n.jpg
file uploaded sandbox/files-send/Girls Frontline/c9870fa.png
file uploaded sandbox/files-send/Girls Frontline/83940748_2562365997205952_1588648079974727680_o.jpg
file uploaded sandbox/files-send/Girls Frontline/4f0d486.png
file uploaded sandbox/files-send/Girls Frontline/83236210_577967689450344_1871144520167456768_o.jpg
file uploaded sandbox/files-send/Girls Frontline/151567205_3590483314394210_946965428363186007_o.png
file uploaded sandbox/files-send/Girls Frontline/7b6098a.jpg
file uploaded sandbox/files-send/Girls Frontline/c44a5df.png
file uploaded sandbox/files-send/Girls Frontline/RDT_20220120_2217555265352568178947396.jpg
file uploaded sandbox/files-send/Girls Frontline/9cff1bc.jpg
file uploaded sandbox/files-send/Girls Frontline/82021413_2989694794616483_5862433507803922432_o.jpg
file uploaded sandbox/files-send/Girls Frontline/98485a5.jpg
file uploaded sandbox/files-send/Girls Frontline/72974594_2377364265706127_6108056433989779456_o.jpg
file uploaded sandbox/files-send/Girls Frontline/RDT_20210831_2345201432060951841252334.jpg
file uploaded sandbox/files-send/Girls Frontline/92319687_628584561055323_5420205472936361984_o.jpg
file uploaded sandbox/files-send/Girls Frontline/13361ee.jpg
file uploaded sandbox/files-send/Girls Frontline/31d390c.png
file uploaded sandbox/files-send/Girls Frontline/120660321_746412782605833_5129186135202551561_o.jpg
file uploaded sandbox/files-send/Girls Frontline/2fa8981.png
file uploaded sandbox/files-send/Girls Frontline/e19892a.png
file uploaded sandbox/files-send/Girls Frontline/effff33.jpg
file uploaded sandbox/files-send/Girls Frontline/2fcabff.jpg
file uploaded sandbox/files-send/Girls Frontline/117396547_3226895150896445_367338490519523166_o.jpg
file uploaded sandbox/files-send/Girls Frontline/aeb1eaf.jpg
file uploaded sandbox/files-send/Girls Frontline/f0e8190.jpg
file uploaded sandbox/files-send/Girls Frontline/8152181.jpg
file uploaded sandbox/files-send/Girls Frontline/5eb447c.jpg
file uploaded sandbox/files-send/Girls Frontline/118555485_720725758507869_2478380214121296507_o.jpg
file uploaded sandbox/files-send/Girls Frontline/4fe58a1.jpg
file uploaded sandbox/files-send/Girls Frontline/fab0822.jpg
file uploaded sandbox/files-send/Girls Frontline/df998c5.png
file uploaded sandbox/files-send/Girls Frontline/c95c256.png
file uploaded sandbox/files-send/Girls Frontline/5018ac5.png
file uploaded sandbox/files-send/Girls Frontline/421eb9b.png
file uploaded sandbox/files-send/Girls Frontline/83373107_582998845613895_684682782722490368_o.jpg
file uploaded sandbox/files-send/Girls Frontline/71209df.jpg
file uploaded sandbox/files-send/Girls Frontline/87507834_606628289917617_7210184744821063680_o.jpg
file uploaded sandbox/files-send/Girls Frontline/1ffb8c7.jpg
file uploaded sandbox/files-send/Girls Frontline/ddd9903.png
file uploaded sandbox/files-send/Girls Frontline/110113429_3014246615351219_2222024069164397353_n.jpg
file uploaded sandbox/files-send/Girls Frontline/109868131_288136105634947_8536861738275156606_o.jpg
file uploaded sandbox/files-send/Girls Frontline/a68b5b1.jpg
file uploaded sandbox/files-send/Girls Frontline/ff65638.png
file uploaded sandbox/files-send/Girls Frontline/d3f47af.jpg
file uploaded sandbox/files-send/Girls Frontline/917a312.jpg
file uploaded sandbox/files-send/Girls Frontline/f40cde0.jpg
file uploaded sandbox/files-send/Girls Frontline/8a7e269.jpg
file uploaded sandbox/files-send/Girls Frontline/IMG_20201007_185325.jpg
file uploaded sandbox/files-send/Girls Frontline/89763395_10220932062913462_1846608304013312000_o.jpg
file uploaded sandbox/files-send/Girls Frontline/117077334_1577618142399035_4231127548732862486_o.jpg
file uploaded sandbox/files-send/Girls Frontline/77280121_2664905440269527_179938861751730176_n.jpg
file uploaded sandbox/files-send/Girls Frontline/107394521_3710178942332412_7250830401095310828_o.jpg
file uploaded sandbox/files-send/Girls Frontline/dfebb59.jpg
file uploaded sandbox/files-send/Girls Frontline/89e2475.jpg
file uploaded sandbox/files-send/Girls Frontline/87958899_604673476779765_7520639837267820544_o.jpg
file uploaded sandbox/files-send/Girls Frontline/c4dbdda.jpg
file uploaded sandbox/files-send/Girls Frontline/RDT_20211208_1050264372177393773095510.jpg
file uploaded sandbox/files-send/Girls Frontline/71d1a74.png
file uploaded sandbox/files-send/Girls Frontline/92234235_627229411190838_6015860172092604416_o.jpg
file uploaded sandbox/files-send/Girls Frontline/6deb005.jpg
file uploaded sandbox/files-send/Girls Frontline/b44d643.jpg
file uploaded sandbox/files-send/Girls Frontline/31d9232.png
file uploaded sandbox/files-send/Girls Frontline/8a69f06.png
file uploaded sandbox/files-send/Girls Frontline/109432983_3014246772017870_4700729861530322514_n.jpg
file uploaded sandbox/files-send/Girls Frontline/91c281b.jpg
file uploaded sandbox/files-send/Girls Frontline/83847134_589835191596927_6449248313861472256_o.jpg
file uploaded sandbox/files-send/Girls Frontline/IMG-20200923-WA0016.jpg
file uploaded sandbox/files-send/Girls Frontline/ec12724.jpg
file uploaded sandbox/files-send/Girls Frontline/88014292_604864303427349_524542603513823232_o.jpg
file uploaded sandbox/files-send/Girls Frontline/95074131_2893527697392855_7464905747474677760_o.jpg
file uploaded sandbox/files-send/Girls Frontline/cc1188c.jpg
file uploaded sandbox/files-send/Girls Frontline/da52ec2.png
file uploaded sandbox/files-send/Girls Frontline/9a678ad.png
file uploaded sandbox/files-send/Girls Frontline/10ebc54.jpg
file uploaded sandbox/files-send/Girls Frontline/85025462_593668667880246_5322437792347717632_o.jpg
file uploaded sandbox/files-send/Girls Frontline/97c6de6.jpg
file uploaded sandbox/files-send/Girls Frontline/3217f75.jpg
file uploaded sandbox/files-send/Girls Frontline/c8e898c.jpg
file uploaded sandbox/files-send/Girls Frontline/11bd636.jpg
file uploaded sandbox/files-send/Girls Frontline/a80e370.png
file uploaded sandbox/files-send/Girls Frontline/b963f40.jpg
file uploaded sandbox/files-send/Girls Frontline/ac3ed79.png
file uploaded sandbox/files-send/Girls Frontline/86fc6e9.jpg
file uploaded sandbox/files-send/Girls Frontline/78313360_173222320544442_7411260931637772288_o.jpg
file uploaded sandbox/files-send/Girls Frontline/IMG-20180620-WA0020.jpg
file uploaded sandbox/files-send/Girls Frontline/61ba6a6.jpg
file uploaded sandbox/files-send/Girls Frontline/f50c634.png
file uploaded sandbox/files-send/Girls Frontline/e36a0bb.jpg
file uploaded sandbox/files-send/Girls Frontline/2265c18.jpg
file uploaded sandbox/files-send/Girls Frontline/6f6e530.jpg
file uploaded sandbox/files-send/Girls Frontline/79e474e.jpg
file uploaded sandbox/files-send/Girls Frontline/beedab9.jpg
file uploaded sandbox/files-send/Girls Frontline/88ec816.jpg
file uploaded sandbox/files-send/Girls Frontline/f0d2544.jpg
file uploaded sandbox/files-send/Girls Frontline/f03bebf.png
file uploaded sandbox/files-send/Girls Frontline/37faca5.jpg
file uploaded sandbox/files-send/Girls Frontline/1275b61.jpg
file uploaded sandbox/files-send/Girls Frontline/c8e38ad.jpg
file uploaded sandbox/files-send/Girls Frontline/dea8306.jpg
file uploaded sandbox/files-send/Girls Frontline/e85d5b4.png
file uploaded sandbox/files-send/Girls Frontline/IMG_20200406_210724.jpg
file uploaded sandbox/files-send/Girls Frontline/78852963_2950831958502767_149751460773494784_o.jpg
file uploaded sandbox/files-send/Girls Frontline/dc8aeb8.jpg
file uploaded sandbox/files-send/Girls Frontline/83034186_160270181967702_7965020556988776448_n.jpg
file uploaded sandbox/files-send/Girls Frontline/5cdfedc.jpg
file uploaded sandbox/files-send/Girls Frontline/e03e09f.png
file uploaded sandbox/files-send/Girls Frontline/883a9aa.png
file uploaded sandbox/files-send/Girls Frontline/2ab9ad6.jpg
file uploaded sandbox/files-send/Girls Frontline/5bb8e0f.jpg
file uploaded sandbox/files-send/Girls Frontline/56f8bf7.png
file uploaded sandbox/files-send/Girls Frontline/RDT_20210903_0043143248015365157224512.jpg
file uploaded sandbox/files-send/Girls Frontline/6674aaf.jpg
file uploaded sandbox/files-send/Girls Frontline/89f94e4.jpg
file uploaded sandbox/files-send/Girls Frontline/930d94e.png
file uploaded sandbox/files-send/Girls Frontline/e281246.jpg
file uploaded sandbox/files-send/Girls Frontline/18e618a.jpg
file uploaded sandbox/files-send/Girls Frontline/5c32036.jpg
file uploaded sandbox/files-send/Girls Frontline/f1b42f6.jpg
file uploaded sandbox/files-send/Girls Frontline/IMG_20200527_120233.jpg
file uploaded sandbox/files-send/Girls Frontline/3626435.png
file uploaded sandbox/files-send/Girls Frontline/IMG-20180620-WA0019.jpg
file uploaded sandbox/files-send/Girls Frontline/449d2a3.jpg
file uploaded sandbox/files-send/Girls Frontline/c95eac0.jpg
file uploaded sandbox/files-send/Girls Frontline/IMG_20200404_234232.jpg
file uploaded sandbox/files-send/Girls Frontline/IMG-20200402-WA0006.jpg
file uploaded sandbox/files-send/Girls Frontline/IMG-20191027-WA0013.jpg
file uploaded sandbox/files-send/Girls Frontline/118940481_727092361204542_3962391842398425184_o.jpg
file uploaded sandbox/files-send/Girls Frontline/72554f6.png
file uploaded sandbox/files-send/Girls Frontline/83842483_587885171791929_365221612007456768_o.jpg
file uploaded sandbox/files-send/Girls Frontline/a3f8e2c.jpg
file uploaded sandbox/files-send/Girls Frontline/65d9529.jpg
file uploaded sandbox/files-send/Girls Frontline/7cda61f.jpg
file uploaded sandbox/files-send/Girls Frontline/87375814_604175026811400_915233607809761280_o.jpg
file uploaded sandbox/files-send/Girls Frontline/faf981c.jpg
file uploaded sandbox/files-send/Girls Frontline/84466065_191054058676486_6068426710620045312_o.jpg
file uploaded sandbox/files-send/Girls Frontline/84228867_587994791780967_9158859403275796480_o.jpg
file uploaded sandbox/files-send/Girls Frontline/1906c6b.jpg
file uploaded sandbox/files-send/Girls Frontline/RDT_20211128_2016424896366146451502527_035302.jpg
sync finished
